 DLL

 Timestamp is 5bfae53e (Sun Nov 25 18:09:02 2018)

 Preferred load address is 10000000

 Start         Length     Name                   Class
 0001:00000000 00003600H .text$mn                CODE
 0001:00003600 0000009eH .text$x                 CODE
 0002:00000000 00000120H .idata$5                DATA
 0002:00000120 00000004H .00cfg                  DATA
 0002:00000124 00000004H .CRT$XCA                DATA
 0002:00000128 00000004H .CRT$XCZ                DATA
 0002:0000012c 00000004H .CRT$XIA                DATA
 0002:00000130 00000004H .CRT$XIZ                DATA
 0002:00000134 00000004H .CRT$XPA                DATA
 0002:00000138 00000004H .CRT$XPZ                DATA
 0002:0000013c 00000004H .CRT$XTA                DATA
 0002:00000140 00000010H .CRT$XTZ                DATA
 0002:00000144 00000000H .gfids$y                DATA
 0002:00000150 00000900H .rdata                  DATA
 0002:00000a50 00000014H .rdata$sxdata           DATA
 0002:00000a64 000002b8H .rdata$zzzdbg           DATA
 0002:00000d1c 00000004H .rtc$IAA                DATA
 0002:00000d20 00000008H .rtc$IMZ                DATA
 0002:00000d28 00000004H .rtc$IZZ                DATA
 0002:00000d2c 00000004H .rtc$TAA                DATA
 0002:00000d30 00000008H .rtc$TMZ                DATA
 0002:00000d38 00000008H .rtc$TZZ                DATA
 0002:00000d40 000001a0H .xdata$x                DATA
 0002:00000ee0 00000044H .edata                  DATA
 0002:00000f24 00000050H .idata$2                DATA
 0002:00000f74 00000014H .idata$3                DATA
 0002:00000f88 00000120H .idata$4                DATA
 0002:000010a8 0000082aH .idata$6                DATA
 0003:00000000 00000028H .data                   DATA
 0003:00000028 0000038cH .bss                    DATA
 0004:00000000 00000060H .rsrc$01                DATA
 0004:00000060 00000180H .rsrc$02                DATA

  Address         Publics by Value              Rva+Base       Lib:Object

 0000:00000000       ___guard_iat_table         00000000     <absolute>
 0000:00000000       ___dynamic_value_reloc_table 00000000     <absolute>
 0000:00000000       ___guard_longjmp_count     00000000     <absolute>
 0000:00000000       ___guard_iat_count         00000000     <absolute>
 0000:00000000       ___guard_longjmp_table     00000000     <absolute>
 0000:00000000       ___guard_fids_count        00000000     <absolute>
 0000:00000000       ___guard_fids_table        00000000     <absolute>
 0000:00000005       ___safe_se_handler_count   00000005     <absolute>
 0000:00000100       ___guard_flags             00000100     <absolute>
 0000:00000000       ___ImageBase               10000000     <linker-defined>
 0001:00000000       ??$?6U?$char_traits@D@std@@@std@@YAAAV?$basic_ostream@DU?$char_traits@D@std@@@0@AAV10@PBD@Z 10001000 f i DLL.obj
 0001:000004a0       ??$endl@DU?$char_traits@D@std@@@std@@YAAAV?$basic_ostream@DU?$char_traits@D@std@@@0@AAV10@@Z 100014a0 f i DLL.obj
 0001:00000520       ??0_Sentry_base@?$basic_ostream@DU?$char_traits@D@std@@@std@@QAE@AAV12@@Z 10001520 f i DLL.obj
 0001:000005e0       ??0sentry@?$basic_ostream@DU?$char_traits@D@std@@@std@@QAE@AAV12@@Z 100015e0 f i DLL.obj
 0001:00000720       ??1_Sentry_base@?$basic_ostream@DU?$char_traits@D@std@@@std@@QAE@XZ 10001720 f i DLL.obj
 0001:00000800       ??1sentry@?$basic_ostream@DU?$char_traits@D@std@@@std@@QAE@XZ 10001800 f i DLL.obj
 0001:000008a0       ??Bsentry@?$basic_ostream@DU?$char_traits@D@std@@@std@@QBE_NXZ 100018a0 f i DLL.obj
 0001:000008d0       ?__empty_global_delete@@YAXPAX@Z 100018d0 f i DLL.obj
 0001:00000900       ?__empty_global_delete@@YAXPAXI@Z 10001900 f i DLL.obj
 0001:00000930       ?eof@?$char_traits@D@std@@SAHXZ 10001930 f i DLL.obj
 0001:00000960       ?eq_int_type@?$char_traits@D@std@@SA_NABH0@Z 10001960 f i DLL.obj
 0001:000009b0       ?length@?$char_traits@D@std@@SAIQBD@Z 100019b0 f i DLL.obj
 0001:000009f0       _Filter                    100019f0 f   DLL.obj
 0001:00000a60       _DllMain@12                10001a60 f   dllmain.obj
 0001:00000a96       ?uncaught_exception@std@@YA_NXZ 10001a96 f   msvcprtd:MSVCP140D.dll
 0001:00000a9c       ?good@ios_base@std@@QBE_NXZ 10001a9c f   msvcprtd:MSVCP140D.dll
 0001:00000aa2       ?flags@ios_base@std@@QBEHXZ 10001aa2 f   msvcprtd:MSVCP140D.dll
 0001:00000aa8       ?width@ios_base@std@@QBE_JXZ 10001aa8 f   msvcprtd:MSVCP140D.dll
 0001:00000aae       ?width@ios_base@std@@QAE_J_J@Z 10001aae f   msvcprtd:MSVCP140D.dll
 0001:00000ab4       ?sputc@?$basic_streambuf@DU?$char_traits@D@std@@@std@@QAEHD@Z 10001ab4 f   msvcprtd:MSVCP140D.dll
 0001:00000aba       ?sputn@?$basic_streambuf@DU?$char_traits@D@std@@@std@@QAE_JPBD_J@Z 10001aba f   msvcprtd:MSVCP140D.dll
 0001:00000ac0       ?setstate@?$basic_ios@DU?$char_traits@D@std@@@std@@QAEXH_N@Z 10001ac0 f   msvcprtd:MSVCP140D.dll
 0001:00000ac6       ?tie@?$basic_ios@DU?$char_traits@D@std@@@std@@QBEPAV?$basic_ostream@DU?$char_traits@D@std@@@2@XZ 10001ac6 f   msvcprtd:MSVCP140D.dll
 0001:00000acc       ?rdbuf@?$basic_ios@DU?$char_traits@D@std@@@std@@QBEPAV?$basic_streambuf@DU?$char_traits@D@std@@@2@XZ 10001acc f   msvcprtd:MSVCP140D.dll
 0001:00000ad2       ?fill@?$basic_ios@DU?$char_traits@D@std@@@std@@QBEDXZ 10001ad2 f   msvcprtd:MSVCP140D.dll
 0001:00000ad8       ?widen@?$basic_ios@DU?$char_traits@D@std@@@std@@QBEDD@Z 10001ad8 f   msvcprtd:MSVCP140D.dll
 0001:00000ade       ?_Osfx@?$basic_ostream@DU?$char_traits@D@std@@@std@@QAEXXZ 10001ade f   msvcprtd:MSVCP140D.dll
 0001:00000ae4       ??6?$basic_ostream@DU?$char_traits@D@std@@@std@@QAEAAV01@P6AAAV01@AAV01@@Z@Z 10001ae4 f   msvcprtd:MSVCP140D.dll
 0001:00000aea       ?put@?$basic_ostream@DU?$char_traits@D@std@@@std@@QAEAAV12@D@Z 10001aea f   msvcprtd:MSVCP140D.dll
 0001:00000af0       ?flush@?$basic_ostream@DU?$char_traits@D@std@@@std@@QAEAAV12@XZ 10001af0 f   msvcprtd:MSVCP140D.dll
 0001:00000b00       @_RTC_AllocaHelper@12      10001b00 f   MSVCRTD:_stack_.obj
 0001:00000b40       @_RTC_CheckStackVars2@12   10001b40 f   MSVCRTD:_stack_.obj
 0001:00000c20       @_RTC_CheckStackVars@8     10001c20 f   MSVCRTD:_stack_.obj
 0001:00000c80       __RTC_CheckEsp             10001c80 f   MSVCRTD:_stack_.obj
 0001:00000cc0       @__security_check_cookie@4 10001cc0 f   MSVCRTD:_secchk_.obj
 0001:00000ce0       __CRT_RTC_INIT             10001ce0 f   MSVCRTD:_init_.obj
 0001:00000cf0       __CRT_RTC_INITW            10001cf0 f   MSVCRTD:_init_.obj
 0001:00000d00       __RTC_InitBase             10001d00 f   MSVCRTD:_init_.obj
 0001:00000d30       __RTC_Shutdown             10001d30 f   MSVCRTD:_init_.obj
 0001:000011f0       __CRT_INIT@12              100021f0 f   MSVCRTD:dll_dllmain.obj
 0001:00001210       __DllMainCRTStartup@12     10002210 f   MSVCRTD:dll_dllmain.obj
 0001:00001240       ??$__vcrt_va_start_verify_argument_type@QBD@@YAXXZ 10002240 f i MSVCRTD:_error_.obj
 0001:000013a0       ?_RTC_AllocaFailure@@YAXPAXPAU_RTC_ALLOCA_NODE@@H@Z 100023a0 f   MSVCRTD:_error_.obj
 0001:00001490       ?_RTC_Failure@@YAXPAXH@Z   10002490 f   MSVCRTD:_error_.obj
 0001:000014e0       ?_RTC_StackFailure@@YAXPAXPBD@Z 100024e0 f   MSVCRTD:_error_.obj
 0001:00001830       __RTC_UninitUse            10002830 f   MSVCRTD:_error_.obj
 0001:000018e0       ___local_stdio_printf_options 100028e0 f i MSVCRTD:_error_.obj
 0001:000018f0       __vsprintf_s_l             100028f0 f i MSVCRTD:_error_.obj
 0001:00001920       _sprintf_s                 10002920 f i MSVCRTD:_error_.obj
 0001:00001950       ___raise_securityfailure   10002950 f   MSVCRTD:gs_report.obj
 0001:00001980       ___report_gsfailure        10002980 f   MSVCRTD:gs_report.obj
 0001:00001a90       ___report_rangecheckfailure 10002a90 f   MSVCRTD:gs_report.obj
 0001:00001aa0       ___report_securityfailure  10002aa0 f   MSVCRTD:gs_report.obj
 0001:00001b80       ___report_securityfailureEx 10002b80 f   MSVCRTD:gs_report.obj
 0001:00001cb0       ?_RTC_GetErrorFunc@@YAP6AHHPBDH00ZZPBX@Z 10002cb0 f   MSVCRTD:_userapi_.obj
 0001:00001cc0       ?_RTC_GetErrorFuncW@@YAP6AHHPB_WH00ZZPBX@Z 10002cc0 f   MSVCRTD:_userapi_.obj
 0001:00001cd0       __RTC_GetErrDesc           10002cd0 f   MSVCRTD:_userapi_.obj
 0001:00001cf0       __RTC_NumErrors            10002cf0 f   MSVCRTD:_userapi_.obj
 0001:00001d00       __RTC_SetErrorFunc         10002d00 f   MSVCRTD:_userapi_.obj
 0001:00001d20       __RTC_SetErrorFuncW        10002d20 f   MSVCRTD:_userapi_.obj
 0001:00001d40       __RTC_SetErrorType         10002d40 f   MSVCRTD:_userapi_.obj
 0001:00001d70       ___security_init_cookie    10002d70 f   MSVCRTD:gs_support.obj
 0001:00001e50       ?__scrt_initialize_type_info@@YAXXZ 10002e50 f   MSVCRTD:tncleanup.obj
 0001:00001e60       ?__scrt_uninitialize_type_info@@YAXXZ 10002e60 f   MSVCRTD:tncleanup.obj
 0001:00001e80       ___local_stdio_scanf_options 10002e80 f i MSVCRTD:default_local_stdio_options.obj
 0001:00001e90       ___scrt_initialize_default_local_stdio_options 10002e90 f   MSVCRTD:default_local_stdio_options.obj
 0001:00001ed0       ??$__crt_fast_decode_pointer@PAP6AXXZ@@YAPAP6AXXZQAP6AXXZ@Z 10002ed0 f i MSVCRTD:utility.obj
 0001:00001f00       ??$__crt_fast_encode_pointer@PAP6AXXZ@@YAPAP6AXXZQAP6AXXZ@Z 10002f00 f i MSVCRTD:utility.obj
 0001:00001f30       ?__crt_rotate_pointer_value@@YAIIH@Z 10002f30 f i MSVCRTD:utility.obj
 0001:00001f40       ?configure_argv@__scrt_narrow_argv_policy@@SAHXZ 10002f40 f i MSVCRTD:utility.obj
 0001:00002060       _NtCurrentTeb              10003060 f i MSVCRTD:utility.obj
 0001:00002070       ___scrt_acquire_startup_lock 10003070 f   MSVCRTD:utility.obj
 0001:000020c0       ___scrt_dllmain_after_initialize_c 100030c0 f   MSVCRTD:utility.obj
 0001:000020f0       ___scrt_dllmain_before_initialize_c 100030f0 f   MSVCRTD:utility.obj
 0001:00002110       ___scrt_dllmain_crt_thread_attach 10003110 f   MSVCRTD:utility.obj
 0001:00002140       ___scrt_dllmain_crt_thread_detach 10003140 f   MSVCRTD:utility.obj
 0001:00002160       ___scrt_dllmain_exception_filter 10003160 f   MSVCRTD:utility.obj
 0001:000021b0       ___scrt_dllmain_uninitialize_c 100031b0 f   MSVCRTD:utility.obj
 0001:000021e0       ___scrt_dllmain_uninitialize_critical 100031e0 f   MSVCRTD:utility.obj
 0001:00002200       ___scrt_initialize_crt     10003200 f   MSVCRTD:utility.obj
 0001:00002250       ___scrt_initialize_onexit_tables 10003250 f   MSVCRTD:utility.obj
 0001:00002330       ___scrt_is_nonwritable_in_current_image 10003330 f   MSVCRTD:utility.obj
 0001:00002460       ___scrt_release_startup_lock 10003460 f   MSVCRTD:utility.obj
 0001:00002490       ___scrt_uninitialize_crt   10003490 f   MSVCRTD:utility.obj
 0001:000024d0       __onexit                   100034d0 f   MSVCRTD:utility.obj
 0001:00002540       _at_quick_exit             10003540 f   MSVCRTD:utility.obj
 0001:00002590       _atexit                    10003590 f   MSVCRTD:utility.obj
 0001:000025c0       ___scrt_get_dyn_tls_init_callback 100035c0 f   MSVCRTD:dyn_tls_init.obj
 0001:000025d0       ___scrt_fastfail           100035d0 f   MSVCRTD:utility_desktop.obj
 0001:00002710       ___scrt_get_show_window_mode 10003710 f   MSVCRTD:utility_desktop.obj
 0001:00002750       ___scrt_initialize_winrt   10003750 f   MSVCRTD:utility_desktop.obj
 0001:00002760       ___scrt_is_managed_app     10003760 f   MSVCRTD:utility_desktop.obj
 0001:000027f0       ___scrt_set_unhandled_exception_filter 100037f0 f   MSVCRTD:utility_desktop.obj
 0001:00002800       ___scrt_unhandled_exception_filter@4 10003800 f   MSVCRTD:utility_desktop.obj
 0001:00002860       __crt_debugger_hook        10003860 f   MSVCRTD:utility_desktop.obj
 0001:00002870       __RTC_Initialize           10003870 f   MSVCRTD:_initsect_.obj
 0001:000028a0       __RTC_Terminate            100038a0 f   MSVCRTD:_initsect_.obj
 0001:000028d0       @_guard_check_icall@4      100038d0 f i MSVCRTD:checkcfg.obj
 0001:000028f0       __except_handler4          100038f0 f   MSVCRTD:_chandler4gs_.obj
 0001:00002db0       ?_RTC_GetSrcLine@@YAHPAEPA_WKPAH1K@Z 10003db0 f   MSVCRTD:_pdblkup_.obj
 0001:00003110       ___isa_available_init      10004110 f   MSVCRTD:_cpu_disp_.obj
 0001:000033f0       __get_startup_argv_mode    100043f0 f   MSVCRTD:argv_mode.obj
 0001:00003400       ___scrt_is_ucrt_dll_in_use 10004400 f   MSVCRTD:ucrt_detection.obj
 0001:00003430       @_guard_check_icall_nop@4  10004430 f i MSVCRTD:guard_support.obj
 0001:00003440       __guard_icall_checks_enforced 10004440 f i MSVCRTD:guard_support.obj
 0001:00003468       ___CxxFrameHandler3        10004468 f   vcruntimed:VCRUNTIME140D.dll
 0001:0000346e       ___std_type_info_destroy_list 1000446e f   vcruntimed:VCRUNTIME140D.dll
 0001:00003474       _memset                    10004474 f   vcruntimed:VCRUNTIME140D.dll
 0001:0000347a       __except_handler4_common   1000447a f   vcruntimed:VCRUNTIME140D.dll
 0001:00003480       ___vcrt_GetModuleFileNameW 10004480 f   vcruntimed:VCRUNTIME140D.dll
 0001:00003486       ___vcrt_GetModuleHandleW   10004486 f   vcruntimed:VCRUNTIME140D.dll
 0001:0000348c       ___vcrt_LoadLibraryExW     1000448c f   vcruntimed:VCRUNTIME140D.dll
 0001:00003492       _strlen                    10004492 f   ucrtd:ucrtbased.dll
 0001:00003498       __CrtDbgReport             10004498 f   ucrtd:ucrtbased.dll
 0001:0000349e       __CrtDbgReportW            1000449e f   ucrtd:ucrtbased.dll
 0001:000034a4       __initterm                 100044a4 f   ucrtd:ucrtbased.dll
 0001:000034aa       __initterm_e               100044aa f   ucrtd:ucrtbased.dll
 0001:000034b0       _strcpy_s                  100044b0 f   ucrtd:ucrtbased.dll
 0001:000034b6       _strcat_s                  100044b6 f   ucrtd:ucrtbased.dll
 0001:000034bc       ___stdio_common_vsprintf_s 100044bc f   ucrtd:ucrtbased.dll
 0001:000034c2       __seh_filter_dll           100044c2 f   ucrtd:ucrtbased.dll
 0001:000034c8       __configure_narrow_argv    100044c8 f   ucrtd:ucrtbased.dll
 0001:000034ce       __initialize_narrow_environment 100044ce f   ucrtd:ucrtbased.dll
 0001:000034d4       __initialize_onexit_table  100044d4 f   ucrtd:ucrtbased.dll
 0001:000034da       __register_onexit_function 100044da f   ucrtd:ucrtbased.dll
 0001:000034e0       __execute_onexit_table     100044e0 f   ucrtd:ucrtbased.dll
 0001:000034e6       __crt_atexit               100044e6 f   ucrtd:ucrtbased.dll
 0001:000034ec       __crt_at_quick_exit        100044ec f   ucrtd:ucrtbased.dll
 0001:000034f2       __cexit                    100044f2 f   ucrtd:ucrtbased.dll
 0001:000034f8       _terminate                 100044f8 f   ucrtd:ucrtbased.dll
 0001:000034fe       __wmakepath_s              100044fe f   ucrtd:ucrtbased.dll
 0001:00003504       __wsplitpath_s             10004504 f   ucrtd:ucrtbased.dll
 0001:0000350a       _wcscpy_s                  1000450a f   ucrtd:ucrtbased.dll
 0001:00003510       _IsDebuggerPresent@0       10004510 f   kernel32:KERNEL32.dll
 0001:00003516       _RaiseException@16         10004516 f   kernel32:KERNEL32.dll
 0001:0000351c       _MultiByteToWideChar@24    1000451c f   kernel32:KERNEL32.dll
 0001:00003522       _WideCharToMultiByte@32    10004522 f   kernel32:KERNEL32.dll
 0001:00003528       _UnhandledExceptionFilter@4 10004528 f   kernel32:KERNEL32.dll
 0001:0000352e       _SetUnhandledExceptionFilter@4 1000452e f   kernel32:KERNEL32.dll
 0001:00003534       _GetCurrentProcess@0       10004534 f   kernel32:KERNEL32.dll
 0001:0000353a       _TerminateProcess@8        1000453a f   kernel32:KERNEL32.dll
 0001:00003540       _IsProcessorFeaturePresent@4 10004540 f   kernel32:KERNEL32.dll
 0001:00003546       _QueryPerformanceCounter@4 10004546 f   kernel32:KERNEL32.dll
 0001:0000354c       _GetCurrentProcessId@0     1000454c f   kernel32:KERNEL32.dll
 0001:00003552       _GetCurrentThreadId@0      10004552 f   kernel32:KERNEL32.dll
 0001:00003558       _GetSystemTimeAsFileTime@4 10004558 f   kernel32:KERNEL32.dll
 0001:0000355e       _InitializeSListHead@4     1000455e f   kernel32:KERNEL32.dll
 0001:00003564       _GetStartupInfoW@4         10004564 f   kernel32:KERNEL32.dll
 0001:0000356a       _GetModuleHandleW@4        1000456a f   kernel32:KERNEL32.dll
 0001:00003570       _GetLastError@0            10004570 f   kernel32:KERNEL32.dll
 0001:00003576       _HeapAlloc@12              10004576 f   kernel32:KERNEL32.dll
 0001:0000357c       _HeapFree@12               1000457c f   kernel32:KERNEL32.dll
 0001:00003582       _GetProcessHeap@0          10004582 f   kernel32:KERNEL32.dll
 0001:00003588       _VirtualQuery@12           10004588 f   kernel32:KERNEL32.dll
 0001:0000358e       _FreeLibrary@4             1000458e f   kernel32:KERNEL32.dll
 0001:00003594       _GetProcAddress@8          10004594 f   kernel32:KERNEL32.dll
 0001:000035a0       ___scrt_stub_for_acrt_initialize 100045a0 f   MSVCRTD:ucrt_stubs.obj
 0001:000035a0       ___vcrt_initialize         100045a0 f   MSVCRTD:ucrt_stubs.obj
 0001:000035a0       ___acrt_initialize         100045a0 f   MSVCRTD:ucrt_stubs.obj
 0001:000035b0       ___acrt_thread_attach      100045b0 f   MSVCRTD:ucrt_stubs.obj
 0001:000035b0       ___vcrt_thread_attach      100045b0 f   MSVCRTD:ucrt_stubs.obj
 0001:000035b0       ___scrt_stub_for_acrt_thread_attach 100045b0 f   MSVCRTD:ucrt_stubs.obj
 0001:000035c0       ___acrt_thread_detach      100045c0 f   MSVCRTD:ucrt_stubs.obj
 0001:000035c0       ___scrt_stub_for_acrt_thread_detach 100045c0 f   MSVCRTD:ucrt_stubs.obj
 0001:000035c0       ___vcrt_thread_detach      100045c0 f   MSVCRTD:ucrt_stubs.obj
 0001:000035d0       ___scrt_stub_for_acrt_uninitialize 100045d0 f   MSVCRTD:ucrt_stubs.obj
 0001:000035d0       ___vcrt_uninitialize       100045d0 f   MSVCRTD:ucrt_stubs.obj
 0001:000035d0       ___acrt_uninitialize       100045d0 f   MSVCRTD:ucrt_stubs.obj
 0001:000035e0       ___acrt_uninitialize_critical 100045e0 f   MSVCRTD:ucrt_stubs.obj
 0001:000035e0       ___scrt_stub_for_acrt_uninitialize_critical 100045e0 f   MSVCRTD:ucrt_stubs.obj
 0001:000035e0       ___vcrt_uninitialize_critical 100045e0 f   MSVCRTD:ucrt_stubs.obj
 0001:000035f0       __is_c_termination_complete 100045f0 f   MSVCRTD:ucrt_stubs.obj
 0001:000035f0       ___scrt_stub_for_is_c_termination_complete 100045f0 f   MSVCRTD:ucrt_stubs.obj
 0002:00000000       __imp__RaiseException@16   10005000     kernel32:KERNEL32.dll
 0002:00000004       __imp__MultiByteToWideChar@24 10005004     kernel32:KERNEL32.dll
 0002:00000008       __imp__WideCharToMultiByte@32 10005008     kernel32:KERNEL32.dll
 0002:0000000c       __imp__UnhandledExceptionFilter@4 1000500c     kernel32:KERNEL32.dll
 0002:00000010       __imp__SetUnhandledExceptionFilter@4 10005010     kernel32:KERNEL32.dll
 0002:00000014       __imp__GetCurrentProcess@0 10005014     kernel32:KERNEL32.dll
 0002:00000018       __imp__TerminateProcess@8  10005018     kernel32:KERNEL32.dll
 0002:0000001c       __imp__IsProcessorFeaturePresent@4 1000501c     kernel32:KERNEL32.dll
 0002:00000020       __imp__QueryPerformanceCounter@4 10005020     kernel32:KERNEL32.dll
 0002:00000024       __imp__GetCurrentProcessId@0 10005024     kernel32:KERNEL32.dll
 0002:00000028       __imp__GetCurrentThreadId@0 10005028     kernel32:KERNEL32.dll
 0002:0000002c       __imp__GetSystemTimeAsFileTime@4 1000502c     kernel32:KERNEL32.dll
 0002:00000030       __imp__InitializeSListHead@4 10005030     kernel32:KERNEL32.dll
 0002:00000034       __imp__GetStartupInfoW@4   10005034     kernel32:KERNEL32.dll
 0002:00000038       __imp__GetModuleHandleW@4  10005038     kernel32:KERNEL32.dll
 0002:0000003c       __imp__GetLastError@0      1000503c     kernel32:KERNEL32.dll
 0002:00000040       __imp__HeapAlloc@12        10005040     kernel32:KERNEL32.dll
 0002:00000044       __imp__GetProcAddress@8    10005044     kernel32:KERNEL32.dll
 0002:00000048       __imp__FreeLibrary@4       10005048     kernel32:KERNEL32.dll
 0002:0000004c       __imp__VirtualQuery@12     1000504c     kernel32:KERNEL32.dll
 0002:00000050       __imp__GetProcessHeap@0    10005050     kernel32:KERNEL32.dll
 0002:00000054       __imp__HeapFree@12         10005054     kernel32:KERNEL32.dll
 0002:00000058       __imp__IsDebuggerPresent@0 10005058     kernel32:KERNEL32.dll
 0002:0000005c       \177KERNEL32_NULL_THUNK_DATA 1000505c     kernel32:KERNEL32.dll
 0002:00000060       __imp_?cout@std@@3V?$basic_ostream@DU?$char_traits@D@std@@@1@A 10005060     msvcprtd:MSVCP140D.dll
 0002:00000064       __imp_?flush@?$basic_ostream@DU?$char_traits@D@std@@@std@@QAEAAV12@XZ 10005064     msvcprtd:MSVCP140D.dll
 0002:00000068       __imp_?put@?$basic_ostream@DU?$char_traits@D@std@@@std@@QAEAAV12@D@Z 10005068     msvcprtd:MSVCP140D.dll
 0002:0000006c       __imp_??6?$basic_ostream@DU?$char_traits@D@std@@@std@@QAEAAV01@P6AAAV01@AAV01@@Z@Z 1000506c     msvcprtd:MSVCP140D.dll
 0002:00000070       __imp_?_Osfx@?$basic_ostream@DU?$char_traits@D@std@@@std@@QAEXXZ 10005070     msvcprtd:MSVCP140D.dll
 0002:00000074       __imp_?widen@?$basic_ios@DU?$char_traits@D@std@@@std@@QBEDD@Z 10005074     msvcprtd:MSVCP140D.dll
 0002:00000078       __imp_?fill@?$basic_ios@DU?$char_traits@D@std@@@std@@QBEDXZ 10005078     msvcprtd:MSVCP140D.dll
 0002:0000007c       __imp_?rdbuf@?$basic_ios@DU?$char_traits@D@std@@@std@@QBEPAV?$basic_streambuf@DU?$char_traits@D@std@@@2@XZ 1000507c     msvcprtd:MSVCP140D.dll
 0002:00000080       __imp_?tie@?$basic_ios@DU?$char_traits@D@std@@@std@@QBEPAV?$basic_ostream@DU?$char_traits@D@std@@@2@XZ 10005080     msvcprtd:MSVCP140D.dll
 0002:00000084       __imp_?setstate@?$basic_ios@DU?$char_traits@D@std@@@std@@QAEXH_N@Z 10005084     msvcprtd:MSVCP140D.dll
 0002:00000088       __imp_?sputn@?$basic_streambuf@DU?$char_traits@D@std@@@std@@QAE_JPBD_J@Z 10005088     msvcprtd:MSVCP140D.dll
 0002:0000008c       __imp_?sputc@?$basic_streambuf@DU?$char_traits@D@std@@@std@@QAEHD@Z 1000508c     msvcprtd:MSVCP140D.dll
 0002:00000090       __imp_?uncaught_exception@std@@YA_NXZ 10005090     msvcprtd:MSVCP140D.dll
 0002:00000094       __imp_?width@ios_base@std@@QAE_J_J@Z 10005094     msvcprtd:MSVCP140D.dll
 0002:00000098       __imp_?width@ios_base@std@@QBE_JXZ 10005098     msvcprtd:MSVCP140D.dll
 0002:0000009c       __imp_?flags@ios_base@std@@QBEHXZ 1000509c     msvcprtd:MSVCP140D.dll
 0002:000000a0       __imp_?good@ios_base@std@@QBE_NXZ 100050a0     msvcprtd:MSVCP140D.dll
 0002:000000a4       \177MSVCP140D_NULL_THUNK_DATA 100050a4     msvcprtd:MSVCP140D.dll
 0002:000000a8       __imp____CxxFrameHandler3  100050a8     vcruntimed:VCRUNTIME140D.dll
 0002:000000ac       __imp__memset              100050ac     vcruntimed:VCRUNTIME140D.dll
 0002:000000b0       __imp___except_handler4_common 100050b0     vcruntimed:VCRUNTIME140D.dll
 0002:000000b4       __imp____vcrt_GetModuleFileNameW 100050b4     vcruntimed:VCRUNTIME140D.dll
 0002:000000b8       __imp____vcrt_GetModuleHandleW 100050b8     vcruntimed:VCRUNTIME140D.dll
 0002:000000bc       __imp____vcrt_LoadLibraryExW 100050bc     vcruntimed:VCRUNTIME140D.dll
 0002:000000c0       __imp____std_type_info_destroy_list 100050c0     vcruntimed:VCRUNTIME140D.dll
 0002:000000c4       \177VCRUNTIME140D_NULL_THUNK_DATA 100050c4     vcruntimed:VCRUNTIME140D.dll
 0002:000000c8       __imp___execute_onexit_table 100050c8     ucrtd:ucrtbased.dll
 0002:000000cc       __imp___register_onexit_function 100050cc     ucrtd:ucrtbased.dll
 0002:000000d0       __imp___initialize_onexit_table 100050d0     ucrtd:ucrtbased.dll
 0002:000000d4       __imp___configure_narrow_argv 100050d4     ucrtd:ucrtbased.dll
 0002:000000d8       __imp___seh_filter_dll     100050d8     ucrtd:ucrtbased.dll
 0002:000000dc       __imp____stdio_common_vsprintf_s 100050dc     ucrtd:ucrtbased.dll
 0002:000000e0       __imp___crt_atexit         100050e0     ucrtd:ucrtbased.dll
 0002:000000e4       __imp__strcpy_s            100050e4     ucrtd:ucrtbased.dll
 0002:000000e8       __imp___initterm_e         100050e8     ucrtd:ucrtbased.dll
 0002:000000ec       __imp___initterm           100050ec     ucrtd:ucrtbased.dll
 0002:000000f0       __imp___CrtDbgReportW      100050f0     ucrtd:ucrtbased.dll
 0002:000000f4       __imp___CrtDbgReport       100050f4     ucrtd:ucrtbased.dll
 0002:000000f8       __imp__strlen              100050f8     ucrtd:ucrtbased.dll
 0002:000000fc       __imp___crt_at_quick_exit  100050fc     ucrtd:ucrtbased.dll
 0002:00000100       __imp__wcscpy_s            10005100     ucrtd:ucrtbased.dll
 0002:00000104       __imp___wsplitpath_s       10005104     ucrtd:ucrtbased.dll
 0002:00000108       __imp___wmakepath_s        10005108     ucrtd:ucrtbased.dll
 0002:0000010c       __imp__terminate           1000510c     ucrtd:ucrtbased.dll
 0002:00000110       __imp__strcat_s            10005110     ucrtd:ucrtbased.dll
 0002:00000114       __imp___cexit              10005114     ucrtd:ucrtbased.dll
 0002:00000118       __imp___initialize_narrow_environment 10005118     ucrtd:ucrtbased.dll
 0002:0000011c       \177ucrtbased_NULL_THUNK_DATA 1000511c     ucrtd:ucrtbased.dll
 0002:00000120       ___guard_check_icall_fptr  10005120     MSVCRTD:guard_support.obj
 0002:00000124       ___xc_a                    10005124     MSVCRTD:initializers.obj
 0002:00000128       ___xc_z                    10005128     MSVCRTD:initializers.obj
 0002:0000012c       ___xi_a                    1000512c     MSVCRTD:initializers.obj
 0002:00000130       ___xi_z                    10005130     MSVCRTD:initializers.obj
 0002:00000134       ___xp_a                    10005134     MSVCRTD:initializers.obj
 0002:00000138       ___xp_z                    10005138     MSVCRTD:initializers.obj
 0002:0000013c       ___xt_a                    1000513c     MSVCRTD:initializers.obj
 0002:00000140       ___xt_z                    10005140     MSVCRTD:initializers.obj
 0002:00000150       ??_C@_0L@FNJAFDMK@DLL?5loaded?$AA@ 10005150     DLL.obj
 0002:0000015c       __pDefaultRawDllMain       1000515c     MSVCRTD:dll_dllmain.obj
 0002:0000015c       __pRawDllMain              1000515c     MSVCRTD:dll_dllmain.obj
 0002:00000200       ??_C@_0NN@NGPKDKPD@The?5value?5of?5ESP?5was?5not?5properl@ 10005200     MSVCRTD:_error_.obj
 0002:000002e0       ??_C@_0BBN@GPMLNJCF@A?5cast?5to?5a?5smaller?5data?5type?5ha@ 100052e0     MSVCRTD:_error_.obj
 0002:00000400       ??_C@_0BN@FFOINMNJ@Stack?5memory?5was?5corrupted?6?$AN?$AA@ 10005400     MSVCRTD:_error_.obj
 0002:00000420       ??_C@_0DG@HKJMLLLP@A?5local?5variable?5was?5used?5before@ 10005420     MSVCRTD:_error_.obj
 0002:00000458       ??_C@_0CM@NGINOKPC@Stack?5memory?5around?5_alloca?5was?5@ 10005458     MSVCRTD:_error_.obj
 0002:00000484       ??_C@_0BO@GNIAFIKK@Unknown?5Runtime?5Check?5Error?6?$AN?$AA@ 10005484     MSVCRTD:_error_.obj
 0002:000004a8       ??_C@_1GM@OLMCBDMB@?$AAR?$AAu?$AAn?$AAt?$AAi?$AAm?$AAe?$AA?5?$AAC?$AAh?$AAe?$AAc?$AAk?$AA?5?$AAE?$AAr?$AAr?$AAo?$AAr?$AA?4?$AA?6?$AA?$AN?$AA?5?$AAU?$AAn?$AAa?$AAb?$AAl?$AAe?$AA?5?$AAt?$AAo@ 100054a8     MSVCRTD:_error_.obj
 0002:00000518       ??_C@_1EA@NFKNIFJP@?$AAR?$AAu?$AAn?$AA?9?$AAT?$AAi?$AAm?$AAe?$AA?5?$AAC?$AAh?$AAe?$AAc?$AAk?$AA?5?$AAF?$AAa?$AAi?$AAl?$AAu?$AAr?$AAe?$AA?5?$AA?$CD?$AA?$CF?$AAd?$AA?5?$AA?9?$AA?5?$AA?$CF?$AAs?$AA?$AA@ 10005518     MSVCRTD:_error_.obj
 0002:00000558       ??_C@_0BB@PFFGGCJP@Unknown?5Filename?$AA@ 10005558     MSVCRTD:_error_.obj
 0002:0000056c       ??_C@_0BE@GNBOBNCK@Unknown?5Module?5Name?$AA@ 1000556c     MSVCRTD:_error_.obj
 0002:00000580       ??_C@_0CA@IODNCDPG@Run?9Time?5Check?5Failure?5?$CD?$CFd?5?9?5?$CFs?$AA@ 10005580     MSVCRTD:_error_.obj
 0002:000005a0       ??_C@_0CG@IAFNJNEE@Stack?5corrupted?5near?5unknown?5var@ 100055a0     MSVCRTD:_error_.obj
 0002:000005c8       ??_C@_05MKKEDADM@?$CF?42X?5?$AA@ 100055c8     MSVCRTD:_error_.obj
 0002:000005d0       ??_C@_0EJ@LJKNEOLN@Stack?5area?5around?5_alloca?5memory@ 100055d0     MSVCRTD:_error_.obj
 0002:0000061c       ??_C@_01EEMJAFIK@?6?$AA@   1000561c     MSVCRTD:_error_.obj
 0002:00000620       ??_C@_02LLMPMKNF@?$DO?5?$AA@ 10005620     MSVCRTD:_error_.obj
 0002:00000624       ??_C@_08OMAHNMHJ@?6Data?3?5?$DM?$AA@ 10005624     MSVCRTD:_error_.obj
 0002:00000630       ??_C@_0CK@DKGBICFE@?6Allocation?5number?5within?5this?5f@ 10005630     MSVCRTD:_error_.obj
 0002:0000065c       ??_C@_07DFDJCKFN@?6Size?3?5?$AA@ 1000565c     MSVCRTD:_error_.obj
 0002:00000664       ??_C@_0N@MHFFIMFG@?6Address?3?50x?$AA@ 10005664     MSVCRTD:_error_.obj
 0002:00000678       ??_C@_0EI@CLEPFNGI@Stack?5area?5around?5_alloca?5memory@ 10005678     MSVCRTD:_error_.obj
 0002:000006c0       ??_C@_0BK@ODNDAGKB@?$CFs?$CFs?$CFp?$CFs?$CFzd?$CFs?$CFd?$CFs?$CFs?$CFs?$CFs?$CFs?$AA@ 100056c0     MSVCRTD:_error_.obj
 0002:000006dc       ??_C@_0DE@OHJBPMBP@A?5variable?5is?5being?5used?5without@ 100056dc     MSVCRTD:_error_.obj
 0002:0000072c       ??_C@_0BJ@HEGAHDFO@Stack?5pointer?5corruption?$AA@ 1000572c     MSVCRTD:_userapi_.obj
 0002:00000748       ??_C@_0CK@FEGOIOPB@Cast?5to?5smaller?5type?5causing?5los@ 10005748     MSVCRTD:_userapi_.obj
 0002:00000774       ??_C@_0BI@CIGMDCBH@Stack?5memory?5corruption?$AA@ 10005774     MSVCRTD:_userapi_.obj
 0002:0000078c       ??_C@_0CK@CNLNOEPB@Local?5variable?5used?5before?5initi@ 1000578c     MSVCRTD:_userapi_.obj
 0002:000007b8       ??_C@_0BP@OGBCLIBO@Stack?5around?5_alloca?5corrupted?$AA@ 100057b8     MSVCRTD:_userapi_.obj
 0002:00000820       ??_C@_1EI@MLPKHBGE@?$AAa?$AAp?$AAi?$AA?9?$AAm?$AAs?$AA?9?$AAw?$AAi?$AAn?$AA?9?$AAc?$AAo?$AAr?$AAe?$AA?9?$AAr?$AAe?$AAg?$AAi?$AAs?$AAt?$AAr?$AAy?$AA?9?$AAl?$AA1?$AA?9?$AA1?$AA?9?$AA0?$AA?4@ 10005820     MSVCRTD:_pdblkup_.obj
 0002:00000868       ??_C@_1BK@JHLNAEJL@?$AAa?$AAd?$AAv?$AAa?$AAp?$AAi?$AA3?$AA2?$AA?4?$AAd?$AAl?$AAl?$AA?$AA@ 10005868     MSVCRTD:_pdblkup_.obj
 0002:00000884       ??_C@_0O@COHOBMLB@RegOpenKeyExW?$AA@ 10005884     MSVCRTD:_pdblkup_.obj
 0002:00000894       ??_C@_0BB@GLNAEDBD@RegQueryValueExW?$AA@ 10005894     MSVCRTD:_pdblkup_.obj
 0002:000008a8       ??_C@_0M@HLOHPNFA@RegCloseKey?$AA@ 100058a8     MSVCRTD:_pdblkup_.obj
 0002:000008b8       ??_C@_1HE@EBEAGLFB@?$AAS?$AAO?$AAF?$AAT?$AAW?$AAA?$AAR?$AAE?$AA?2?$AAW?$AAo?$AAw?$AA6?$AA4?$AA3?$AA2?$AAN?$AAo?$AAd?$AAe?$AA?2?$AAM?$AAi?$AAc?$AAr?$AAo?$AAs?$AAo?$AAf?$AAt?$AA?2?$AAV@ 100058b8     MSVCRTD:_pdblkup_.obj
 0002:0000092c       ??_C@_1BG@EABPBLLF@?$AAP?$AAr?$AAo?$AAd?$AAu?$AAc?$AAt?$AAD?$AAi?$AAr?$AA?$AA@ 1000592c     MSVCRTD:_pdblkup_.obj
 0002:00000960       ??_C@_1BC@JINFINNJ@?$AAM?$AAS?$AAP?$AAD?$AAB?$AA1?$AA4?$AA0?$AA?$AA@ 10005960     MSVCRTD:_pdblkup_.obj
 0002:00000974       ??_C@_0BB@KCIACLNC@PDBOpenValidate5?$AA@ 10005974     MSVCRTD:_pdblkup_.obj
 0002:00000988       ??_C@_01KDCPPGHE@r?$AA@    10005988     MSVCRTD:_pdblkup_.obj
 0002:000009e8       __load_config_used         100059e8     MSVCRTD:loadcfg.obj
 0002:00000a50       ___safe_se_handler_table   10005a50     <linker-defined>
 0002:00000d1c       ___rtc_iaa                 10005d1c     MSVCRTD:_initsect_.obj
 0002:00000d28       ___rtc_izz                 10005d28     MSVCRTD:_initsect_.obj
 0002:00000d2c       ___rtc_taa                 10005d2c     MSVCRTD:_initsect_.obj
 0002:00000d38       ___rtc_tzz                 10005d38     MSVCRTD:_initsect_.obj
 0002:00000f24       __IMPORT_DESCRIPTOR_MSVCP140D 10005f24     msvcprtd:MSVCP140D.dll
 0002:00000f38       __IMPORT_DESCRIPTOR_VCRUNTIME140D 10005f38     vcruntimed:VCRUNTIME140D.dll
 0002:00000f4c       __IMPORT_DESCRIPTOR_ucrtbased 10005f4c     ucrtd:ucrtbased.dll
 0002:00000f60       __IMPORT_DESCRIPTOR_KERNEL32 10005f60     kernel32:KERNEL32.dll
 0002:00000f74       __NULL_IMPORT_DESCRIPTOR   10005f74     msvcprtd:MSVCP140D.dll
 0003:00000000       ___security_cookie_complement 10007000     MSVCRTD:gs_cookie.obj
 0003:00000004       ___security_cookie         10007004     MSVCRTD:gs_cookie.obj
 0003:00000008       ?_RTC_ErrorLevels@@3PAHA   10007008     MSVCRTD:_error_.obj
 0003:0000001c       ___scrt_native_dllmain_reason 1000701c     MSVCRTD:utility.obj
 0003:00000020       ___isa_enabled             10007020     MSVCRTD:_cpu_disp_.obj
 0003:00000024       ___scrt_ucrt_dll_is_in_use 10007024     MSVCRTD:ucrt_stubs.obj
 0003:00000028       ___@@_PchSym_@00@UznovdrhUwvhpglkUmvdLulowviUwooUwvyftUhgwzucOlyq@4B2008FD98C1DD4 10007028     stdafx.obj
 0003:00000038       ?_OptionsStorage@?1??__local_stdio_printf_options@@9@4_KA 10007038     MSVCRTD:_error_.obj
 0003:00000368       ?__type_info_root_node@@3U__type_info_node@@A 10007368     MSVCRTD:tncleanup.obj
 0003:00000370       ?_OptionsStorage@?1??__local_stdio_scanf_options@@9@4_KA 10007370     MSVCRTD:default_local_stdio_options.obj
 0003:00000378       ___scrt_current_native_startup_state 10007378     MSVCRTD:utility.obj
 0003:0000037c       ___scrt_native_startup_lock 1000737c     MSVCRTD:utility.obj
 0003:0000039c       ___scrt_debugger_hook_flag 1000739c     MSVCRTD:utility_desktop.obj
 0003:000003a8       ___isa_available           100073a8     MSVCRTD:_cpu_disp_.obj
 0003:000003ac       ___favor                   100073ac     MSVCRTD:_cpu_disp_.obj
 0003:000003b0       ___dyn_tls_init_callback   100073b0     <common>

 entry point at        0001:00001210

 Static symbols

 0000:ffff6000       .debug$S                   10000000     msvcprtd:MSVCP140D.dll
 0000:ffff6000       .debug$S                   10000000     ucrtd:ucrtbased.dll
 0000:ffff6000       .debug$S                   10000000     DLL.exp
 0000:ffff6000       .debug$S                   10000000     ucrtd:ucrtbased.dll
 0000:ffff6000       .debug$S                   10000000     ucrtd:ucrtbased.dll
 0000:ffff6000       .debug$S                   10000000     ucrtd:ucrtbased.dll
 0000:ffff6000       .debug$S                   10000000     ucrtd:ucrtbased.dll
 0000:ffff6000       .debug$S                   10000000     ucrtd:ucrtbased.dll
 0000:ffff6000       .debug$S                   10000000     vcruntimed:VCRUNTIME140D.dll
 0000:ffff6000       .debug$S                   10000000     vcruntimed:VCRUNTIME140D.dll
 0000:ffff6000       .debug$S                   10000000     vcruntimed:VCRUNTIME140D.dll
 0000:ffff6000       .debug$S                   10000000     vcruntimed:VCRUNTIME140D.dll
 0000:ffff6000       .debug$S                   10000000     vcruntimed:VCRUNTIME140D.dll
 0000:ffff6000       .debug$S                   10000000     vcruntimed:VCRUNTIME140D.dll
 0000:ffff6000       .debug$S                   10000000     vcruntimed:VCRUNTIME140D.dll
 0002:ffffb000       __guard_fids____scrt_set_unhandled_exception_filter 10000000     MSVCRTD:utility_desktop.obj
 0000:ffff6000       .debug$S                   10000000     ucrtd:ucrtbased.dll
 0000:ffff6000       .debug$S                   10000000     ucrtd:ucrtbased.dll
 0000:ffff6000       .debug$S                   10000000     ucrtd:ucrtbased.dll
 0000:ffff6000       .debug$S                   10000000     ucrtd:ucrtbased.dll
 0002:ffffb000       __guard_fids_?dllmain_dispatch@@YAHQAUHINSTANCE__@@KQAX@Z 10000000     MSVCRTD:dll_dllmain.obj
 0000:ffff6000       .debug$S                   10000000     ucrtd:ucrtbased.dll
 0002:ffffb000       __guard_fids___guard_icall_checks_enforced 10000000     MSVCRTD:guard_support.obj
 0002:ffffb000       __guard_fids__             10000000     MSVCRTD:guard_support.obj
 0000:ffff6000       .debug$S                   10000000     ucrtd:ucrtbased.dll
 0000:ffff6000       .debug$S                   10000000     ucrtd:ucrtbased.dll
 0002:ffffb000       __guard_fids___except_handler4 10000000     MSVCRTD:_chandler4gs_.obj
 0000:ffff6000       .debug$S                   10000000     ucrtd:ucrtbased.dll
 0000:ffff6000       .debug$S                   10000000     ucrtd:ucrtbased.dll
 0000:ffff6000       .debug$S                   10000000     ucrtd:ucrtbased.dll
 0000:ffff6000       .debug$S                   10000000     kernel32:KERNEL32.dll
 0000:ffff6000       .debug$S                   10000000     kernel32:KERNEL32.dll
 0000:ffff6000       .debug$S                   10000000     kernel32:KERNEL32.dll
 0000:ffff6000       .debug$S                   10000000     kernel32:KERNEL32.dll
 0000:ffff6000       .debug$S                   10000000     kernel32:KERNEL32.dll
 0000:ffff6000       .debug$S                   10000000     kernel32:KERNEL32.dll
 0000:ffff6000       .debug$S                   10000000     kernel32:KERNEL32.dll
 0000:ffff6000       .debug$S                   10000000     kernel32:KERNEL32.dll
 0000:ffff6000       .debug$S                   10000000     kernel32:KERNEL32.dll
 0000:ffff6000       .debug$S                   10000000     kernel32:KERNEL32.dll
 0000:ffff6000       .debug$S                   10000000     kernel32:KERNEL32.dll
 0000:ffff6000       .debug$S                   10000000     kernel32:KERNEL32.dll
 0000:ffff6000       .debug$S                   10000000     kernel32:KERNEL32.dll
 0000:ffff6000       .debug$S                   10000000     kernel32:KERNEL32.dll
 0000:ffff6000       .debug$S                   10000000     kernel32:KERNEL32.dll
 0000:ffff6000       .debug$S                   10000000     kernel32:KERNEL32.dll
 0000:ffff6000       .debug$S                   10000000     kernel32:KERNEL32.dll
 0000:ffff6000       .debug$S                   10000000     kernel32:KERNEL32.dll
 0000:ffff6000       .debug$S                   10000000     kernel32:KERNEL32.dll
 0000:ffff6000       .debug$S                   10000000     kernel32:KERNEL32.dll
 0000:ffff6000       .debug$S                   10000000     kernel32:KERNEL32.dll
 0000:ffff6000       .debug$S                   10000000     kernel32:KERNEL32.dll
 0000:ffff6000       .debug$S                   10000000     kernel32:KERNEL32.dll
 0000:ffff6000       .debug$S                   10000000     ucrtd:ucrtbased.dll
 0000:ffff6000       .debug$S                   10000000     ucrtd:ucrtbased.dll
 0000:ffff6000       .debug$S                   10000000     msvcprtd:MSVCP140D.dll
 0000:ffff6000       .debug$S                   10000000     msvcprtd:MSVCP140D.dll
 0000:ffff6000       .debug$S                   10000000     msvcprtd:MSVCP140D.dll
 0000:ffff6000       .debug$S                   10000000     msvcprtd:MSVCP140D.dll
 0000:ffff6000       .debug$S                   10000000     msvcprtd:MSVCP140D.dll
 0000:ffff6000       .debug$S                   10000000     msvcprtd:MSVCP140D.dll
 0000:ffff6000       .debug$S                   10000000     msvcprtd:MSVCP140D.dll
 0000:ffff6000       .debug$S                   10000000     msvcprtd:MSVCP140D.dll
 0000:ffff6000       .debug$S                   10000000     msvcprtd:MSVCP140D.dll
 0000:ffff6000       .debug$S                   10000000     msvcprtd:MSVCP140D.dll
 0000:ffff6000       .debug$S                   10000000     msvcprtd:MSVCP140D.dll
 0000:ffff6000       .debug$S                   10000000     msvcprtd:MSVCP140D.dll
 0000:ffff6000       .debug$S                   10000000     msvcprtd:MSVCP140D.dll
 0000:ffff6000       .debug$S                   10000000     msvcprtd:MSVCP140D.dll
 0000:ffff6000       .debug$S                   10000000     msvcprtd:MSVCP140D.dll
 0000:ffff6000       .debug$S                   10000000     ucrtd:ucrtbased.dll
 0000:ffff6000       .debug$S                   10000000     msvcprtd:MSVCP140D.dll
 0000:ffff6000       .debug$S                   10000000     ucrtd:ucrtbased.dll
 0000:ffff6000       .debug$S                   10000000     ucrtd:ucrtbased.dll
 0002:ffffb000       __guard_fids___CRT_RTC_INITW 10000000     MSVCRTD:_init_.obj
 0002:ffffb000       __guard_fids___CRT_RTC_INIT 10000000     MSVCRTD:_init_.obj
 0001:000003d7       __catch$??$?6U?$char_traits@D@std@@@std@@YAAAV?$basic_ostream@DU?$char_traits@D@std@@@0@AAV10@PBD@Z$0 100013d7 f i DLL.obj
 0001:0000047c       $LN32                      1000147c     DLL.obj
 0001:00000484       $LN31                      10001484     DLL.obj
 0001:00000490       $LN29                      10001490     DLL.obj
 0001:00000d50       ?dllmain_crt_dispatch@@YGHQAUHINSTANCE__@@KQAX@Z 10001d50 f   MSVCRTD:dll_dllmain.obj
 0001:00000dbc       $LN11                      10001dbc     MSVCRTD:dll_dllmain.obj
 0001:00000dd0       ?dllmain_crt_process_attach@@YAHQAUHINSTANCE__@@QAX@Z 10001dd0 f   MSVCRTD:dll_dllmain.obj
 0001:00000f40       ?dllmain_crt_process_detach@@YAH_N@Z 10001f40 f   MSVCRTD:dll_dllmain.obj
 0001:00001020       ?dllmain_dispatch@@YAHQAUHINSTANCE__@@KQAX@Z 10002020 f   MSVCRTD:dll_dllmain.obj
 0001:000011b0       ?dllmain_raw@@YGHQAUHINSTANCE__@@KQAX@Z 100021b0 f   MSVCRTD:dll_dllmain.obj
 0001:00001250       ?DebuggerProbe@@YAHK@Z     10002250 f   MSVCRTD:_error_.obj
 0001:000012f0       ?DebuggerRuntime@@YAHKHPAXPB_W@Z 100022f0 f   MSVCRTD:_error_.obj
 0001:00001590       ?_getMemBlockDataString@@YAXPAD0PBDI@Z 10002590 f   MSVCRTD:_error_.obj
 0001:00001610       ?_strlen_priv@@YAIPBD@Z    10002610 f   MSVCRTD:_error_.obj
 0001:00001630       ?failwithmessage@@YAXPAXHHPBD@Z 10002630 f   MSVCRTD:_error_.obj
 0001:00001f60       ?find_pe_section@@YAPAU_IMAGE_SECTION_HEADER@@QAEI@Z 10002f60 f   MSVCRTD:utility.obj
 0001:00001ff0       ?is_potentially_valid_image_base@@YA_NQAX@Z 10002ff0 f   MSVCRTD:utility.obj
 0001:00002920       ?GetPdbDll@@YAPAUHINSTANCE__@@XZ 10003920 f   MSVCRTD:_pdblkup_.obj
 0001:00002a60       ?GetPdbDllFromInstallPath@@YAPAUHINSTANCE__@@XZ 10003a60 f   MSVCRTD:_pdblkup_.obj
 0001:00002ce0       ?GetPdbDllPathFromFilePath@@YAHPB_WPA_WI@Z 10003ce0 f   MSVCRTD:_pdblkup_.obj
 0001:00003600       __unwindfunclet$??$?6U?$char_traits@D@std@@@std@@YAAAV?$basic_ostream@DU?$char_traits@D@std@@@0@AAV10@PBD@Z$2 10004600 f   DLL.obj
 0001:00003608       __ehhandler$??$?6U?$char_traits@D@std@@@std@@YAAAV?$basic_ostream@DU?$char_traits@D@std@@@0@AAV10@PBD@Z 10004608 f   DLL.obj
 0001:00003630       __unwindfunclet$??0sentry@?$basic_ostream@DU?$char_traits@D@std@@@std@@QAE@AAV12@@Z$0 10004630 f   DLL.obj
 0001:00003638       __ehhandler$??0sentry@?$basic_ostream@DU?$char_traits@D@std@@@std@@QAE@AAV12@@Z 10004638 f   DLL.obj
 0001:00003660       __ehhandler$??1_Sentry_base@?$basic_ostream@DU?$char_traits@D@std@@@std@@QAE@XZ 10004660 f   DLL.obj
 0001:00003680       __ehhandler$??1sentry@?$basic_ostream@DU?$char_traits@D@std@@@std@@QAE@XZ 10004680 f   DLL.obj
 0002:00000160       ?_RTC_ErrorMessages@@3QBQBDB 10005160     MSVCRTD:_error_.obj
 0002:00000178       ?_RTC_NoFalsePositives@@3QBHB 10005178     MSVCRTD:_error_.obj
 0002:00000190       ?stack_premsg@@3QBDB       10005190     MSVCRTD:_error_.obj
 0002:000001ac       ?stack_postmsg@@3QBDB      100051ac     MSVCRTD:_error_.obj
 0002:000001c0       ?uninit_premsg@@3QBDB      100051c0     MSVCRTD:_error_.obj
 0002:000001d0       ?uninit_postmsg@@3QBDB     100051d0     MSVCRTD:_error_.obj
 0002:00000710       _GS_ExceptionPointers      10005710     MSVCRTD:gs_report.obj
 0002:00000718       ?_RTC_errlist@@3QBQBDB     10005718     MSVCRTD:_userapi_.obj
 0002:000007d8       ?debugCrtFileName@@3QB_WB  100057d8     MSVCRTD:_pdblkup_.obj
 0002:000007fc       ?mspdbName@@3QB_WB         100057fc     MSVCRTD:_pdblkup_.obj
 0002:00000944       ?dllExt@?1??GetPdbDllPathFromFilePath@@YAHPB_WPA_WI@Z@4QB_WB 10005944     MSVCRTD:_pdblkup_.obj
 0002:0000094c       ?mspdbFilename@?1??GetPdbDllPathFromFilePath@@YAHPB_WPA_WI@Z@4QB_WB 1000594c     MSVCRTD:_pdblkup_.obj
 0002:00000d20       __RTC_InitBase.rtc$IMZ     10005d20     DLL.obj
 0002:00000d24       __RTC_InitBase.rtc$IMZ     10005d24     dllmain.obj
 0002:00000d30       __RTC_Shutdown.rtc$TMZ     10005d30     DLL.obj
 0002:00000d34       __RTC_Shutdown.rtc$TMZ     10005d34     dllmain.obj
 0002:00000d40       __catchsym$??$?6U?$char_traits@D@std@@@std@@YAAAV?$basic_ostream@DU?$char_traits@D@std@@@0@AAV10@PBD@Z$3 10005d40     DLL.obj
 0002:00000d50       __tryblocktable$??$?6U?$char_traits@D@std@@@std@@YAAAV?$basic_ostream@DU?$char_traits@D@std@@@0@AAV10@PBD@Z 10005d50     DLL.obj
 0002:00000d64       __unwindtable$??$?6U?$char_traits@D@std@@@std@@YAAAV?$basic_ostream@DU?$char_traits@D@std@@@0@AAV10@PBD@Z 10005d64     DLL.obj
 0002:00000d7c       __ehfuncinfo$??$?6U?$char_traits@D@std@@@std@@YAAAV?$basic_ostream@DU?$char_traits@D@std@@@0@AAV10@PBD@Z 10005d7c     DLL.obj
 0002:00000da0       __ehfuncinfo$??1_Sentry_base@?$basic_ostream@DU?$char_traits@D@std@@@std@@QAE@XZ 10005da0     DLL.obj
 0002:00000dc4       __unwindtable$??0sentry@?$basic_ostream@DU?$char_traits@D@std@@@std@@QAE@AAV12@@Z 10005dc4     DLL.obj
 0002:00000dcc       __ehfuncinfo$??0sentry@?$basic_ostream@DU?$char_traits@D@std@@@std@@QAE@AAV12@@Z 10005dcc     DLL.obj
 0002:00000df0       __ehfuncinfo$??1sentry@?$basic_ostream@DU?$char_traits@D@std@@@std@@QAE@XZ 10005df0     DLL.obj
 0002:00000e18       __sehtable$?dllmain_crt_process_attach@@YAHQAUHINSTANCE__@@QAX@Z 10005e18     MSVCRTD:dll_dllmain.obj
 0002:00000e38       __sehtable$?dllmain_crt_process_detach@@YAH_N@Z 10005e38     MSVCRTD:dll_dllmain.obj
 0002:00000e58       __sehtable$?dllmain_dispatch@@YAHQAUHINSTANCE__@@KQAX@Z 10005e58     MSVCRTD:dll_dllmain.obj
 0002:00000e78       __sehtable$?DebuggerProbe@@YAHK@Z 10005e78     MSVCRTD:_error_.obj
 0002:00000e98       __sehtable$?DebuggerRuntime@@YAHKHPAXPB_W@Z 10005e98     MSVCRTD:_error_.obj
 0002:00000eb8       __sehtable$___scrt_is_nonwritable_in_current_image 10005eb8     MSVCRTD:utility.obj
 0002:00000ee0       .edata                     10005ee0     DLL.exp
 0002:00000f08       rgpv                       10005f08     DLL.exp
 0002:00000f0c       rgszName                   10005f0c     DLL.exp
 0002:00000f10       rgwOrd                     10005f10     DLL.exp
 0002:00000f12       szName                     10005f12     DLL.exp
 0002:00000f1a       $N00001                    10005f1a     DLL.exp
 0002:0000149a       .idata$6                   1000649a     msvcprtd:MSVCP140D.dll
 0002:00001550       .idata$6                   10006550     vcruntimed:VCRUNTIME140D.dll
 0002:000016e0       .idata$6                   100066e0     ucrtd:ucrtbased.dll
 0002:000018c4       .idata$6                   100068c4     kernel32:KERNEL32.dll
 0003:0000002c       ?init@?1??_RTC_InitBase@@9@4_NA 1000702c     MSVCRTD:_init_.obj
 0003:00000030       ?__proc_attached@@3HA      10007030     MSVCRTD:dll_dllmain.obj
 0003:00000040       _GS_ExceptionRecord        10007040     MSVCRTD:gs_report.obj
 0003:00000090       _GS_ContextRecord          10007090     MSVCRTD:gs_report.obj
 0003:0000035c       ?_RTC_ErrorReportFunc@@3P6AHHPBDH00ZZA 1000735c     MSVCRTD:_userapi_.obj
 0003:00000360       ?_RTC_ErrorReportFuncW@@3P6AHHPB_WH00ZZA 10007360     MSVCRTD:_userapi_.obj
 0003:00000380       ?module_local_atexit_table@@3U_onexit_table_t@@A 10007380     MSVCRTD:utility.obj
 0003:0000038c       ?module_local_at_quick_exit_table@@3U_onexit_table_t@@A 1000738c     MSVCRTD:utility.obj
 0003:00000398       ?module_local_atexit_table_initialized@@3_NA 10007398     MSVCRTD:utility.obj
 0003:00000399       ?is_initialized_as_dll@@3_NA 10007399     MSVCRTD:utility.obj
 0003:000003a0       ?mspdb@@3PAUHINSTANCE__@@A 100073a0     MSVCRTD:_pdblkup_.obj
 0003:000003a4       ?alreadyTried@?1??GetPdbDll@@YAPAUHINSTANCE__@@XZ@4_NA 100073a4     MSVCRTD:_pdblkup_.obj
 0003:000003a5       ?PDBOK@?1??_RTC_GetSrcLine@@YAHPAEPA_WKPAH1K@Z@4_NA 100073a5     MSVCRTD:_pdblkup_.obj
 0004:00000060       $R000000                   10008060     * linker generated manifest res *
